// Jest Snapshot v1, https://goo.gl/fbAQLP

exports[`Dom renders with mock props 1`] = `
<html
  lang="fr"
>
  <head>
    <script
      dangerouslySetInnerHTML={
        Object {
          "__html": "\\"use strict\\";var _typeof=typeof Symbol===\\"function\\"&&typeof Symbol.iterator===\\"symbol\\"?function(obj){return typeof obj}:function(obj){return obj&&typeof Symbol===\\"function\\"&&obj.constructor===Symbol&&obj!==Symbol.prototype?\\"symbol\\":typeof obj};window.UX=function(){var expectedZones=[];var isUserTimingSupported=typeof performance!==\\"undefined\\"&&typeof performance.mark!==\\"undefined\\"&&typeof performance.measure!==\\"undefined\\";var isConsoleTimeStampSupported=typeof console!==\\"undefined\\"&&typeof console.timeStamp!==\\"undefined\\";var getMark=function getMark(markLabel){return expectedZones.reduce(function(expectedMark,expectedZone){return expectedMark?expectedMark:expectedZone.marks.find(function(expectedMark){return expectedMark.label===markLabel})},null)};var onMark=void 0;var onMeasure=void 0;return{expect:function expect(zones){expectedZones=zones.map(function(zone){if(zone.marks&&zone.marks.length>0){zone.marks=zone.marks.map(function(label){return{label:label}});var promises=zone.marks.map(function(mark){return new Promise(function(resolve,reject){mark.record=function(){if(isUserTimingSupported){performance.mark(mark.label);if(onMark){onMark(mark.label)}}if(isConsoleTimeStampSupported){console.timeStamp(mark.label)}zone.lastMarkLabel=mark.label;resolve(mark.label)}})});Promise.all(promises).then(function(){if(isUserTimingSupported){performance.measure(zone.label,\\"navigationStart\\",zone.lastMarkLabel);if(onMeasure){onMeasure(zone.label)}}});return zone}})},mark:function mark(markLabel){var mark=getMark(markLabel);if(mark){mark.record()}},config:function config(configuration){if(!configuration||(typeof configuration===\\"undefined\\"?\\"undefined\\":_typeof(configuration))!==\\"object\\"){return}if(typeof configuration.onMark===\\"function\\"){onMark=configuration.onMark}if(typeof configuration.onMeasure===\\"function\\"){onMeasure=configuration.onMeasure}}}}();
",
        }
      }
    />
    <link
      href="style.css"
      key="0"
      rel="stylesheet"
      type="text/css"
    />
  </head>
  <body>
    <div
      dangerouslySetInnerHTML={
        Object {
          "__html": "<div>mock app markup</div>",
        }
      }
      id="outlet"
    />
    <script
      dangerouslySetInnerHTML={
        Object {
          "__html": "window.APP_RUNTIME={\\"basename\\":\\"/fo-BA\\",\\"escapedState\\":\\"{&quot;config&quot;:{&quot;requestLanguage&quot;:&quot;fr-FR&quot;}}\\"};",
        }
      }
    />
    <script
      key="0"
      src="https://cdn.polyfill.io/v2/polyfill.min.js?features=default-3.6,fetch,Intl,Intl.~locale.fr-FR,Array.prototype.find,Array.prototype.includes,Object.values&flags=gated"
    />
    <script
      key="1"
      src="script.js"
    />
  </body>
</html>
`;
